------------------------------------------------------------
Timing Analyzer Summary
------------------------------------------------------------

Type  : Slow 1200mV 85C Model Setup 'n2|altpll_component|auto_generated|pll1|clk[1]'
Slack : -8.021
TNS   : -2827.164

Type  : Slow 1200mV 85C Model Setup 'VGA:comb_126|mod2_r'
Slack : -5.470
TNS   : -105.213

Type  : Slow 1200mV 85C Model Setup 'clk_50'
Slack : -4.697
TNS   : -2151.963

Type  : Slow 1200mV 85C Model Setup 'cam_clock'
Slack : -1.897
TNS   : -47.169

Type  : Slow 1200mV 85C Model Setup 'Camera:comb_124|p_valid'
Slack : -1.845
TNS   : -63.506

Type  : Slow 1200mV 85C Model Setup 'n2|altpll_component|auto_generated|pll1|clk[0]'
Slack : 38.341
TNS   : 0.000

Type  : Slow 1200mV 85C Model Hold 'VGA:comb_126|mod2_r'
Slack : 0.080
TNS   : 0.000

Type  : Slow 1200mV 85C Model Hold 'cam_clock'
Slack : 0.253
TNS   : 0.000

Type  : Slow 1200mV 85C Model Hold 'clk_50'
Slack : 0.389
TNS   : 0.000

Type  : Slow 1200mV 85C Model Hold 'n2|altpll_component|auto_generated|pll1|clk[1]'
Slack : 0.402
TNS   : 0.000

Type  : Slow 1200mV 85C Model Hold 'Camera:comb_124|p_valid'
Slack : 0.407
TNS   : 0.000

Type  : Slow 1200mV 85C Model Hold 'n2|altpll_component|auto_generated|pll1|clk[0]'
Slack : 0.408
TNS   : 0.000

Type  : Slow 1200mV 85C Model Recovery 'clk_50'
Slack : 16.227
TNS   : 0.000

Type  : Slow 1200mV 85C Model Removal 'clk_50'
Slack : 1.189
TNS   : 0.000

Type  : Slow 1200mV 85C Model Minimum Pulse Width 'cam_clock'
Slack : -3.000
TNS   : -62.110

Type  : Slow 1200mV 85C Model Minimum Pulse Width 'Camera:comb_124|p_valid'
Slack : -1.285
TNS   : -66.820

Type  : Slow 1200mV 85C Model Minimum Pulse Width 'VGA:comb_126|mod2_r'
Slack : -1.285
TNS   : -43.690

Type  : Slow 1200mV 85C Model Minimum Pulse Width 'clk_50'
Slack : 9.623
TNS   : 0.000

Type  : Slow 1200mV 85C Model Minimum Pulse Width 'n2|altpll_component|auto_generated|pll1|clk[1]'
Slack : 19.711
TNS   : 0.000

Type  : Slow 1200mV 85C Model Minimum Pulse Width 'n2|altpll_component|auto_generated|pll1|clk[0]'
Slack : 20.544
TNS   : 0.000

Type  : Slow 1200mV 0C Model Setup 'n2|altpll_component|auto_generated|pll1|clk[1]'
Slack : -7.085
TNS   : -2508.530

Type  : Slow 1200mV 0C Model Setup 'VGA:comb_126|mod2_r'
Slack : -4.812
TNS   : -92.579

Type  : Slow 1200mV 0C Model Setup 'clk_50'
Slack : -4.215
TNS   : -1918.951

Type  : Slow 1200mV 0C Model Setup 'cam_clock'
Slack : -1.684
TNS   : -38.222

Type  : Slow 1200mV 0C Model Setup 'Camera:comb_124|p_valid'
Slack : -1.586
TNS   : -54.487

Type  : Slow 1200mV 0C Model Setup 'n2|altpll_component|auto_generated|pll1|clk[0]'
Slack : 38.700
TNS   : 0.000

Type  : Slow 1200mV 0C Model Hold 'VGA:comb_126|mod2_r'
Slack : 0.079
TNS   : 0.000

Type  : Slow 1200mV 0C Model Hold 'cam_clock'
Slack : 0.188
TNS   : 0.000

Type  : Slow 1200mV 0C Model Hold 'clk_50'
Slack : 0.348
TNS   : 0.000

Type  : Slow 1200mV 0C Model Hold 'n2|altpll_component|auto_generated|pll1|clk[1]'
Slack : 0.353
TNS   : 0.000

Type  : Slow 1200mV 0C Model Hold 'Camera:comb_124|p_valid'
Slack : 0.365
TNS   : 0.000

Type  : Slow 1200mV 0C Model Hold 'n2|altpll_component|auto_generated|pll1|clk[0]'
Slack : 0.365
TNS   : 0.000

Type  : Slow 1200mV 0C Model Recovery 'clk_50'
Slack : 16.609
TNS   : 0.000

Type  : Slow 1200mV 0C Model Removal 'clk_50'
Slack : 1.088
TNS   : 0.000

Type  : Slow 1200mV 0C Model Minimum Pulse Width 'cam_clock'
Slack : -3.000
TNS   : -62.110

Type  : Slow 1200mV 0C Model Minimum Pulse Width 'Camera:comb_124|p_valid'
Slack : -1.285
TNS   : -66.820

Type  : Slow 1200mV 0C Model Minimum Pulse Width 'VGA:comb_126|mod2_r'
Slack : -1.285
TNS   : -43.690

Type  : Slow 1200mV 0C Model Minimum Pulse Width 'clk_50'
Slack : 9.643
TNS   : 0.000

Type  : Slow 1200mV 0C Model Minimum Pulse Width 'n2|altpll_component|auto_generated|pll1|clk[1]'
Slack : 19.711
TNS   : 0.000

Type  : Slow 1200mV 0C Model Minimum Pulse Width 'n2|altpll_component|auto_generated|pll1|clk[0]'
Slack : 20.545
TNS   : 0.000

Type  : Fast 1200mV 0C Model Setup 'n2|altpll_component|auto_generated|pll1|clk[1]'
Slack : -3.844
TNS   : -1308.823

Type  : Fast 1200mV 0C Model Setup 'VGA:comb_126|mod2_r'
Slack : -2.097
TNS   : -33.644

Type  : Fast 1200mV 0C Model Setup 'clk_50'
Slack : -2.037
TNS   : -824.966

Type  : Fast 1200mV 0C Model Setup 'cam_clock'
Slack : -0.549
TNS   : -3.017

Type  : Fast 1200mV 0C Model Setup 'Camera:comb_124|p_valid'
Slack : -0.374
TNS   : -6.871

Type  : Fast 1200mV 0C Model Setup 'n2|altpll_component|auto_generated|pll1|clk[0]'
Slack : 40.010
TNS   : 0.000

Type  : Fast 1200mV 0C Model Hold 'VGA:comb_126|mod2_r'
Slack : 0.006
TNS   : 0.000

Type  : Fast 1200mV 0C Model Hold 'cam_clock'
Slack : 0.104
TNS   : 0.000

Type  : Fast 1200mV 0C Model Hold 'clk_50'
Slack : 0.180
TNS   : 0.000

Type  : Fast 1200mV 0C Model Hold 'n2|altpll_component|auto_generated|pll1|clk[1]'
Slack : 0.181
TNS   : 0.000

Type  : Fast 1200mV 0C Model Hold 'Camera:comb_124|p_valid'
Slack : 0.186
TNS   : 0.000

Type  : Fast 1200mV 0C Model Hold 'n2|altpll_component|auto_generated|pll1|clk[0]'
Slack : 0.189
TNS   : 0.000

Type  : Fast 1200mV 0C Model Recovery 'clk_50'
Slack : 17.964
TNS   : 0.000

Type  : Fast 1200mV 0C Model Removal 'clk_50'
Slack : 0.565
TNS   : 0.000

Type  : Fast 1200mV 0C Model Minimum Pulse Width 'cam_clock'
Slack : -3.000
TNS   : -57.523

Type  : Fast 1200mV 0C Model Minimum Pulse Width 'Camera:comb_124|p_valid'
Slack : -1.000
TNS   : -52.000

Type  : Fast 1200mV 0C Model Minimum Pulse Width 'VGA:comb_126|mod2_r'
Slack : -1.000
TNS   : -34.000

Type  : Fast 1200mV 0C Model Minimum Pulse Width 'clk_50'
Slack : 9.371
TNS   : 0.000

Type  : Fast 1200mV 0C Model Minimum Pulse Width 'n2|altpll_component|auto_generated|pll1|clk[1]'
Slack : 19.750
TNS   : 0.000

Type  : Fast 1200mV 0C Model Minimum Pulse Width 'n2|altpll_component|auto_generated|pll1|clk[0]'
Slack : 20.613
TNS   : 0.000

------------------------------------------------------------
